SM:project.map:'link map'
MV:2.4:'compiler version'
TC:0:'Trace Code'
SA:'allocation map'
LM:1:testmove.ric:0000:1000-1086:'link module'
 #  0: 0004, 1, 1000, TESTMOVE+INITIALCONFIGURATION#1,     0,     0,     0
 #  1: 0005, 1, 1046, TESTMOVE+STRPOSTION,     0,     0,     0
 #  2: 0002, 1, 1045, TESTMOVE+CURRENTBLADE,     0,     0,     0
 #  3: 0104, 1, 1043, TESTMOVE+CONFIGDATA,    25,     0,     0
 #  4: 0002, 1, 1042, TESTMOVE+TOOL_NUMBER,     0,     0,     0
 #  5: 0002, 1, 1041, TESTMOVE+WORK_PLANE,     0,     0,     0
 #  6: 0002, 1, 1040, TESTMOVE+DEBUGGING,     0,     0,     0
 #  7: 0002, 1, 103f, TESTMOVE+INTCOMSTATE,     0,     0,     0
 #  8: 0002, 1, 103e, TESTMOVE+INTCAMCOM,     0,     0,     0
 #  9: 0002, 1, 103d, TESTMOVE+POSE_4,     0,     0,     0
 # 10: 0002, 1, 103c, TESTMOVE+POSE_3,     0,     0,     0
 # 11: 0002, 1, 103b, TESTMOVE+POSE_2,     0,     0,     0
 # 12: 0002, 1, 103a, TESTMOVE+POSE_1,     0,     0,     0
 # 13: 007f, 1, 1000, TESTMOVE
LM:2:initialconfiguration.ric:0087:1087-10d2:'link module'
 # 14: 0002, 1, 10d2, INITIALCONFIGURATION+DEBUGGING,     0,     0,     0
 # 15: 0002, 1, 10d1, INITIALCONFIGURATION+TOOL_NUMBER,     0,     0,     0
 # 16: 0002, 1, 10d0, INITIALCONFIGURATION+WORK_PLANE,     0,     0,     0
 # 17: 0002, 1, 10cf, INITIALCONFIGURATION+POSE_5,     0,     0,     0
 # 18: 0002, 1, 10ce, INITIALCONFIGURATION+POSE_4,     0,     0,     0
 # 19: 0002, 1, 10cd, INITIALCONFIGURATION+POSE_3,     0,     0,     0
 # 20: 0002, 1, 10cc, INITIALCONFIGURATION+POSE_2,     0,     0,     0
 # 21: 0002, 1, 10cb, INITIALCONFIGURATION+POSE_1,     0,     0,     0
 # 22: 0002, 1, 10ca, INITIALCONFIGURATION+DO_THETA,     0,     0,     0
 # 23: 0002, 1, 10c9, INITIALCONFIGURATION+NUMBEROFCALIBRATIONCYCLES,     0,     0,     0
 # 24: 0004, 1, 10c8, INITIALCONFIGURATION+OFFSET_TOLERANCE,     0,     0,     0
 # 25: 0004, 1, 10c7, INITIALCONFIGURATION+DIAMONDBLADE_INTIAL_THETA_THRESHOLD,     0,     0,     0
 # 26: 0004, 1, 10c6, INITIALCONFIGURATION+CURVEBLADE_INTIAL_THETA_THRESHOLD,     0,     0,     0
 # 27: 0002, 1, 10c5, INITIALCONFIGURATION+CAMERAY,     0,     0,     0
 # 28: 0002, 1, 10c4, INITIALCONFIGURATION+CAMERAX,     0,     0,     0
 # 29: 0002, 1, 10c3, INITIALCONFIGURATION+ONYAXIS,     0,     0,     0
 # 30: 0002, 1, 10c2, INITIALCONFIGURATION+CURRENTBLADE,     0,     0,     0
 # 31: 0016, 1, 10c1, INITIALCONFIGURATION#1,     0,     0,     0
 # 32: 0104, 1, 10c1, INITIALCONFIGURATION+CONFIGDATA,    25,     0,     0
 # 33: 007f, 1, 1087, INITIALCONFIGURATION
LM:3:token.ric:00d3:10d3-1119:'link module'
 # 34: 0102, 1, 1118, TOKEN+ADELIMITERS,    24,     0,     0
 # 35: 0005, 1, 1117, TOKEN+STEMP,     0,     0,     0
 # 36: 0002, 1, 1116, TOKEN+IDATALEN,     0,     0,     0
 # 37: 0002, 1, 1115, TOKEN+IDATAPOS,     0,     0,     0
 # 38: 0002, 1, 1114, TOKEN+ICHR2,     0,     0,     0
 # 39: 0002, 1, 1113, TOKEN+ICHR1,     0,     0,     0
 # 40: 0002, 1, 1112, TOKEN+IARRAYCOUNT,     0,     0,     0
 # 41: 0002, 1, 1111, TOKEN+ILOOPCOUNT,     0,     0,     0
 # 42: 0002, 1, 1110, TOKEN+ILENGTH,     0,     0,     0
 # 43: 0016, 1, 110f, TOKEN#3,     0,     0,     0
 # 44: 0105, 1, 110f, TOKEN+ADATA,    25,     0,     0
 # 45: 0016, 1, 110e, TOKEN#2,     0,     0,     0
 # 46: 0005, 1, 110e, TOKEN+SDELIMITER,     0,     0,     0
 # 47: 0016, 1, 110d, TOKEN#1,     0,     0,     0
 # 48: 0005, 1, 110d, TOKEN+SINPUT,     0,     0,     0
 # 49: 007f, 1, 10d3, TOKEN
LM:4:calibrate_camera.ric:011a:111a-1184:'link module'
 # 50: 0004, 1, 111a, CALIBRATE_CAMERA+INITIALCONFIGURATION#1,     0,     0,     0
 # 51: 0104, 1, 1163, CALIBRATE_CAMERA+CONFIGDATA,    25,     0,     0
 # 52: 0002, 1, 1162, CALIBRATE_CAMERA+TOOL_NUMBER,     0,     0,     0
 # 53: 0002, 1, 1161, CALIBRATE_CAMERA+WORK_PLANE,     0,     0,     0
 # 54: 0002, 1, 1160, CALIBRATE_CAMERA+DEBUGGING,     0,     0,     0
 # 55: 0002, 1, 115f, CALIBRATE_CAMERA+POSE_5,     0,     0,     0
 # 56: 0002, 1, 115e, CALIBRATE_CAMERA+CURRENTBLADE,     0,     0,     0
 # 57: 0002, 1, 115d, CALIBRATE_CAMERA+ONYAXIS,     0,     0,     0
 # 58: 0005, 1, 115c, CALIBRATE_CAMERA+TEXT,     0,     0,     0
 # 59: 0006, 1, 115b, CALIBRATE_CAMERA+CURRENTPOS,     0,     0,     0
 # 60: 0002, 1, 115a, CALIBRATE_CAMERA+INTCOMSTATE,     0,     0,     0
 # 61: 0002, 1, 1159, CALIBRATE_CAMERA+INTCAMCOM,     0,     0,     0
 # 62: 0002, 1, 1158, CALIBRATE_CAMERA+IDJ,     0,     0,     0
 # 63: 0002, 1, 1157, CALIBRATE_CAMERA+IDI,     0,     0,     0
 # 64: 0004, 1, 1156, CALIBRATE_CAMERA+PER_STEP,     0,     0,     0
 # 65: 0004, 1, 1155, CALIBRATE_CAMERA+HOR_STEP,     0,     0,     0
 # 66: 0002, 1, 1154, CALIBRATE_CAMERA+DELAYTIME,     0,     0,     0
 # 67: 007f, 1, 111a, CALIBRATE_CAMERA
LM:5:update_tool_offset.ric:0185:1185-12bd:'link module'
 # 68: 0005, 1, 1185, UPDATE_TOOL_OFFSET+TOKEN#3,     0,     0,     0
 # 69: 0005, 1, 1185, UPDATE_TOOL_OFFSET+TOKEN#1,     0,     0,     0
 # 70: 0004, 1, 1185, UPDATE_TOOL_OFFSET+INITIALCONFIGURATION#1,     0,     0,     0
 # 71: 0002, 1, 1206, UPDATE_TOOL_OFFSET+EXIT_LOOP,     0,     0,     0
 # 72: 0002, 1, 1205, UPDATE_TOOL_OFFSET+TOOL_NUMBER,     0,     0,     0
 # 73: 0002, 1, 1204, UPDATE_TOOL_OFFSET+WORK_PLANE,     0,     0,     0
 # 74: 0004, 1, 1203, UPDATE_TOOL_OFFSET+OFFSET2,     0,     0,     0
 # 75: 0004, 1, 1202, UPDATE_TOOL_OFFSET+OFFSET1,     0,     0,     0
 # 76: 0004, 1, 1201, UPDATE_TOOL_OFFSET+MINIMUMTHETA,     0,     0,     0
 # 77: 0004, 1, 1200, UPDATE_TOOL_OFFSET+DIAMONDBLADE_INTIAL_THETA_UPPERBOUND,     0,     0,     0
 # 78: 0004, 1, 11ff, UPDATE_TOOL_OFFSET+CURVEBLADE_INTIAL_THETA_UPPERBOUND,     0,     0,     0
 # 79: 0002, 1, 11fe, UPDATE_TOOL_OFFSET+NUMBEROFCALIBRATIONCYCLES,     0,     0,     0
 # 80: 0002, 1, 11fd, UPDATE_TOOL_OFFSET+CALIBRATIONCOUNTER,     0,     0,     0
 # 81: 0004, 1, 11fc, UPDATE_TOOL_OFFSET+MAXIMUMOFFSET,     0,     0,     0
 # 82: 0004, 1, 11fb, UPDATE_TOOL_OFFSET+DEFAULT_OFFSET_TOLERANCE,     0,     0,     0
 # 83: 0004, 1, 11fa, UPDATE_TOOL_OFFSET+INTIAL_THETA_THRESHOLD,     0,     0,     0
 # 84: 0004, 1, 11f9, UPDATE_TOOL_OFFSET+DIAMONDBLADE_INTIAL_THETA_THRESHOLD,     0,     0,     0
 # 85: 0004, 1, 11f8, UPDATE_TOOL_OFFSET+CURVEBLADE_INTIAL_THETA_THRESHOLD,     0,     0,     0
 # 86: 0104, 1, 11f6, UPDATE_TOOL_OFFSET+CONFIGDATA,    25,     0,     0
 # 87: 0002, 1, 11f5, UPDATE_TOOL_OFFSET+DEBUGGING,     0,     0,     0
 # 88: 0002, 1, 11f4, UPDATE_TOOL_OFFSET+UPPERBOUND,     0,     0,     0
 # 89: 0002, 1, 11f3, UPDATE_TOOL_OFFSET+LOWERBOUND,     0,     0,     0
 # 90: 0005, 1, 11f2, UPDATE_TOOL_OFFSET+STRFVALUE,     0,     0,     0
 # 91: 0105, 1, 11f0, UPDATE_TOOL_OFFSET+FVALUE,    25,     0,     0
 # 92: 0004, 1, 11ef, UPDATE_TOOL_OFFSET+FINALANGLE,     0,     0,     0
 # 93: 0002, 1, 11ee, UPDATE_TOOL_OFFSET+FINEANGLEINDEX,     0,     0,     0
 # 94: 0004, 1, 11ed, UPDATE_TOOL_OFFSET+INITIALANGLE,     0,     0,     0
 # 95: 0002, 1, 11ec, UPDATE_TOOL_OFFSET+INITIALANGLEINDEX,     0,     0,     0
 # 96: 0002, 1, 11eb, UPDATE_TOOL_OFFSET+KCOUNTER,     0,     0,     0
 # 97: 0002, 1, 11ea, UPDATE_TOOL_OFFSET+ICOUNTER,     0,     0,     0
 # 98: 0004, 1, 11e9, UPDATE_TOOL_OFFSET+MINSCORE,     0,     0,     0
 # 99: 0004, 1, 11e8, UPDATE_TOOL_OFFSET+PERIOUSSCORE,     0,     0,     0
 #100: 0004, 1, 11e7, UPDATE_TOOL_OFFSET+CURRENTSCORE,     0,     0,     0
 #101: 0002, 1, 11e6, UPDATE_TOOL_OFFSET+POSE_5,     0,     0,     0
 #102: 0002, 1, 11e5, UPDATE_TOOL_OFFSET+POSE_4,     0,     0,     0
 #103: 0002, 1, 11e4, UPDATE_TOOL_OFFSET+POSE_3,     0,     0,     0
 #104: 0002, 1, 11e3, UPDATE_TOOL_OFFSET+POSE_2,     0,     0,     0
 #105: 0002, 1, 11e2, UPDATE_TOOL_OFFSET+POSE_1,     0,     0,     0
 #106: 0002, 1, 11e1, UPDATE_TOOL_OFFSET+DO_THETA,     0,     0,     0
 #107: 0002, 1, 11e0, UPDATE_TOOL_OFFSET+CURRENTBLADE,     0,     0,     0
 #108: 0002, 1, 11df, UPDATE_TOOL_OFFSET+CAMERAY,     0,     0,     0
 #109: 0002, 1, 11de, UPDATE_TOOL_OFFSET+CAMERAX,     0,     0,     0
 #110: 0002, 1, 11dd, UPDATE_TOOL_OFFSET+ONYAXIS,     0,     0,     0
 #111: 0006, 1, 11dc, UPDATE_TOOL_OFFSET+ROTATEORIG,     0,     0,     0
 #112: 0002, 1, 11db, UPDATE_TOOL_OFFSET+BLADEINDEX,     0,     0,     0
 #113: 0105, 1, 11d9, UPDATE_TOOL_OFFSET+BLADEINDEXES,    25,     0,     0
 #114: 0105, 1, 11d7, UPDATE_TOOL_OFFSET+ADATA,    25,     0,     0
 #115: 0005, 1, 11d6, UPDATE_TOOL_OFFSET+BLADEINDEXESSTR,     0,     0,     0
 #116: 0005, 1, 11d5, UPDATE_TOOL_OFFSET+TEXT,     0,     0,     0
 #117: 0002, 1, 11d4, UPDATE_TOOL_OFFSET+CURRENT_TOOL_NUM,     0,     0,     0
 #118: 0004, 1, 11d3, UPDATE_TOOL_OFFSET+ROTATION_OFFEST,     0,     0,     0
 #119: 0006, 1, 11d2, UPDATE_TOOL_OFFSET+NEW_TOOL_OFFSET,     0,     0,     0
 #120: 0006, 1, 11d1, UPDATE_TOOL_OFFSET+CAM_TOOL_OFFSET,     0,     0,     0
 #121: 0006, 1, 11d0, UPDATE_TOOL_OFFSET+CURRENT_TOOL_OFFSET,     0,     0,     0
 #122: 0004, 1, 11cf, UPDATE_TOOL_OFFSET+TEMPZ_OFFSET_CHECK,     0,     0,     0
 #123: 0004, 1, 11ce, UPDATE_TOOL_OFFSET+TEMPZ_OFFSET,     0,     0,     0
 #124: 0004, 1, 11cd, UPDATE_TOOL_OFFSET+Z_OFFSET,     0,     0,     0
 #125: 0004, 1, 11cc, UPDATE_TOOL_OFFSET+Y_OFFSET,     0,     0,     0
 #126: 0004, 1, 11cb, UPDATE_TOOL_OFFSET+X_OFFSET,     0,     0,     0
 #127: 0004, 1, 11ca, UPDATE_TOOL_OFFSET+NP4Z,     0,     0,     0
 #128: 0004, 1, 11c9, UPDATE_TOOL_OFFSET+NP4Y,     0,     0,     0
 #129: 0004, 1, 11c8, UPDATE_TOOL_OFFSET+NP3Z,     0,     0,     0
 #130: 0004, 1, 11c7, UPDATE_TOOL_OFFSET+NP3Y,     0,     0,     0
 #131: 0004, 1, 11c6, UPDATE_TOOL_OFFSET+WP2Z,     0,     0,     0
 #132: 0004, 1, 11c5, UPDATE_TOOL_OFFSET+WP2Y,     0,     0,     0
 #133: 0004, 1, 11c4, UPDATE_TOOL_OFFSET+WP1Z,     0,     0,     0
 #134: 0004, 1, 11c3, UPDATE_TOOL_OFFSET+WP1Y,     0,     0,     0
 #135: 0005, 1, 11c2, UPDATE_TOOL_OFFSET+STRTIPPOSTION,     0,     0,     0
 #136: 0005, 1, 11c1, UPDATE_TOOL_OFFSET+STRPOSTION,     0,     0,     0
 #137: 0002, 1, 11c0, UPDATE_TOOL_OFFSET+INTCONSTATE,     0,     0,     0
 #138: 0002, 1, 11bf, UPDATE_TOOL_OFFSET+INTCAMCOM,     0,     0,     0
 #139: 007f, 1, 1185, UPDATE_TOOL_OFFSET
LM:6:jointwork.ric:02be:12be-12f7:'link module'
 #140: 007f, 1, 12be, JOINTWORK
LM:7:joshua.ric:02f8:12f8-1331:'link module'
 #141: 007f, 1, 12f8, JOSHUA
LM:8:brandontest.ric:0332:1332-136e:'link module'
 #142: 0002, 1, 136e, BRANDONTEST+INUM,     0,     0,     0
 #143: 0002, 1, 136d, BRANDONTEST+INTCONSTATE,     0,     0,     0
 #144: 0002, 1, 136c, BRANDONTEST+INTCAMCOM,     0,     0,     0
 #145: 007f, 1, 1332, BRANDONTEST
LM:9:simplemove.ric:036f:136f-13a8:'link module'
 #146: 007f, 1, 136f, SIMPLEMOVE
LM:10:robochess.ric:03a9:13a9-1404:'link module'
 #147: 0005, 1, 13a9, ROBOCHESS+TOKEN#3,     0,     0,     0
 #148: 0005, 1, 13a9, ROBOCHESS+TOKEN#1,     0,     0,     0
 #149: 0002, 1, 1404, ROBOCHESS+COUNTER,     0,     0,     0
 #150: 0002, 1, 1403, ROBOCHESS+NUM,     0,     0,     0
 #151: 0002, 1, 1402, ROBOCHESS+DECELVAL,     0,     0,     0
 #152: 0002, 1, 1401, ROBOCHESS+ACCELVAL,     0,     0,     0
 #153: 0002, 1, 1400, ROBOCHESS+SPEEDVAL,     0,     0,     0
 #154: 0002, 1, 13ff, ROBOCHESS+PICKUP,     0,     0,     0
 #155: 0004, 1, 13fe, ROBOCHESS+EXTRAQUEENY,     0,     0,     0
 #156: 0004, 1, 13fd, ROBOCHESS+EXTRAQUEENX,     0,     0,     0
 #157: 0004, 1, 13fc, ROBOCHESS+TAKENUNITSY,     0,     0,     0
 #158: 0004, 1, 13fb, ROBOCHESS+TAKENUNITSX,     0,     0,     0
 #159: 0004, 1, 13fa, ROBOCHESS+HOMEZ,     0,     0,     0
 #160: 0004, 1, 13f9, ROBOCHESS+HOMEY,     0,     0,     0
 #161: 0004, 1, 13f8, ROBOCHESS+HOMEX,     0,     0,     0
 #162: 0004, 1, 13f7, ROBOCHESS+INCREMENT,     0,     0,     0
 #163: 0004, 1, 13f6, ROBOCHESS+MOVEHEIGHT,     0,     0,     0
 #164: 0002, 1, 13f5, ROBOCHESS+YOFFSET,     0,     0,     0
 #165: 0002, 1, 13f4, ROBOCHESS+XOFFSET,     0,     0,     0
 #166: 0002, 1, 13f3, ROBOCHESS+TERMINATEDSUCCESSFULLY,     0,     0,     0
 #167: 0004, 1, 13f2, ROBOCHESS+GOTOZ,     0,     0,     0
 #168: 0004, 1, 13f1, ROBOCHESS+GOTOY,     0,     0,     0
 #169: 0004, 1, 13f0, ROBOCHESS+GOTOX,     0,     0,     0
 #170: 0002, 1, 13ef, ROBOCHESS+ACTIONID,     0,     0,     0
 #171: 0105, 1, 13ed, ROBOCHESS+FVALUE,    25,     0,     0
 #172: 0005, 1, 13ec, ROBOCHESS+STRFVALUE,     0,     0,     0
 #173: 0002, 1, 13eb, ROBOCHESS+INTCONSTATE,     0,     0,     0
 #174: 0002, 1, 13ea, ROBOCHESS+INTCAMCOM,     0,     0,     0
 #175: 0004, 1, 13e9, ROBOCHESS+SLOWBELOWZ,     0,     0,     0
 #176: 0004, 1, 13e8, ROBOCHESS+RZ,     0,     0,     0
 #177: 0004, 1, 13e7, ROBOCHESS+RY,     0,     0,     0
 #178: 0004, 1, 13e6, ROBOCHESS+RX,     0,     0,     0
 #179: 0004, 1, 13e5, ROBOCHESS+PICKUPHEIGHT,     0,     0,     0
 #180: 0004, 1, 13e4, ROBOCHESS+YORIGIN,     0,     0,     0
 #181: 0004, 1, 13e3, ROBOCHESS+XORIGIN,     0,     0,     0
 #182: 007f, 1, 13a9, ROBOCHESS
FA:03fc:'free allocation'
EA:'end of allocation map'
EM:'end of link map'
